{
  "version": "1.5.0",
  "plugins_used": [
    {
      "name": "ArtifactoryDetector"
    },
    {
      "name": "AWSKeyDetector"
    },
    {
      "name": "AzureStorageKeyDetector"
    },
    {
      "name": "Base64HighEntropyString",
      "limit": 4.5
    },
    {
      "name": "BasicAuthDetector"
    },
    {
      "name": "CloudantDetector"
    },
    {
      "name": "DiscordBotTokenDetector"
    },
    {
      "name": "GitHubTokenDetector"
    },
    {
      "name": "GitLabTokenDetector"
    },
    {
      "name": "HexHighEntropyString",
      "limit": 3.0
    },
    {
      "name": "IbmCloudIamDetector"
    },
    {
      "name": "IbmCosHmacDetector"
    },
    {
      "name": "IPPublicDetector"
    },
    {
      "name": "JwtTokenDetector"
    },
    {
      "name": "KeywordDetector",
      "keyword_exclude": ""
    },
    {
      "name": "MailchimpDetector"
    },
    {
      "name": "NpmDetector"
    },
    {
      "name": "OpenAIDetector"
    },
    {
      "name": "PrivateKeyDetector"
    },
    {
      "name": "PypiTokenDetector"
    },
    {
      "name": "SendGridDetector"
    },
    {
      "name": "SlackDetector"
    },
    {
      "name": "SoftlayerDetector"
    },
    {
      "name": "SquareOAuthDetector"
    },
    {
      "name": "StripeDetector"
    },
    {
      "name": "TelegramBotTokenDetector"
    },
    {
      "name": "TwilioKeyDetector"
    }
  ],
  "filters_used": [
    {
      "path": "detect_secrets.filters.allowlist.is_line_allowlisted"
    },
    {
      "path": "detect_secrets.filters.common.is_baseline_file",
      "filename": ".secrets.baseline"
    },
    {
      "path": "detect_secrets.filters.common.is_ignored_due_to_verification_policies",
      "min_level": 2
    },
    {
      "path": "detect_secrets.filters.heuristic.is_indirect_reference"
    },
    {
      "path": "detect_secrets.filters.heuristic.is_likely_id_string"
    },
    {
      "path": "detect_secrets.filters.heuristic.is_lock_file"
    },
    {
      "path": "detect_secrets.filters.heuristic.is_not_alphanumeric_string"
    },
    {
      "path": "detect_secrets.filters.heuristic.is_potential_uuid"
    },
    {
      "path": "detect_secrets.filters.heuristic.is_prefixed_with_dollar_sign"
    },
    {
      "path": "detect_secrets.filters.heuristic.is_sequential_string"
    },
    {
      "path": "detect_secrets.filters.heuristic.is_swagger_file"
    },
    {
      "path": "detect_secrets.filters.heuristic.is_templated_secret"
    }
  ],
  "results": {
    ".github/workflows/ci-cd.yml": [
      {
        "type": "Secret Keyword",
        "filename": ".github/workflows/ci-cd.yml",
        "hashed_secret": "3e26d6750975d678acb8fa35a0f69237881576b0",
        "is_verified": false,
        "line_number": 19
      }
    ],
    ".github/workflows/release-please.yml": [
      {
        "type": "Secret Keyword",
        "filename": ".github/workflows/release-please.yml",
        "hashed_secret": "3e26d6750975d678acb8fa35a0f69237881576b0",
        "is_verified": false,
        "line_number": 27
      }
    ],
    "app/core/config.py": [
      {
        "type": "Secret Keyword",
        "filename": "app/core/config.py",
        "hashed_secret": "0392c290c78191797945455b94870eb1560d5f68",
        "is_verified": false,
        "line_number": 52
      }
    ],
    "app/core/registry.json": [
      {
        "type": "Secret Keyword",
        "filename": "app/core/registry.json",
        "hashed_secret": "64af6f62dcdf8b2c0d9846616cac1333e0eb7508",
        "is_verified": false,
        "line_number": 6
      },
      {
        "type": "Secret Keyword",
        "filename": "app/core/registry.json",
        "hashed_secret": "f534dc80e26555fa719132d2cfe1d4da91a67ea5",
        "is_verified": false,
        "line_number": 7
      },
      {
        "type": "Secret Keyword",
        "filename": "app/core/registry.json",
        "hashed_secret": "0158e2afbb3dbbbc71ef34b0205533bd3f9cbf82",
        "is_verified": false,
        "line_number": 66
      },
      {
        "type": "Secret Keyword",
        "filename": "app/core/registry.json",
        "hashed_secret": "03776f2dcc982c1fd7693467de4fb998753b2ce7",
        "is_verified": false,
        "line_number": 67
      },
      {
        "type": "Secret Keyword",
        "filename": "app/core/registry.json",
        "hashed_secret": "3292e421d4e9be5e5da4c634b73159f12a421958",
        "is_verified": false,
        "line_number": 80
      },
      {
        "type": "Secret Keyword",
        "filename": "app/core/registry.json",
        "hashed_secret": "d7cbe0a708836cf9c4174f5cf6ea915c9ce50ab9",
        "is_verified": false,
        "line_number": 99
      },
      {
        "type": "Secret Keyword",
        "filename": "app/core/registry.json",
        "hashed_secret": "b1cc20a5ab19697a8c4ba993fafb9e76a115c55b",
        "is_verified": false,
        "line_number": 137
      },
      {
        "type": "Secret Keyword",
        "filename": "app/core/registry.json",
        "hashed_secret": "ea5aceaae59616e3773a2e9f8bc1da98fb04851b",
        "is_verified": false,
        "line_number": 138
      },
      {
        "type": "Secret Keyword",
        "filename": "app/core/registry.json",
        "hashed_secret": "ccb8249a13beb342407a3d06aa17672f0d19649e",
        "is_verified": false,
        "line_number": 162
      },
      {
        "type": "Secret Keyword",
        "filename": "app/core/registry.json",
        "hashed_secret": "d92cfe41830c991f1b62fe52154912f3f530f4bd",
        "is_verified": false,
        "line_number": 163
      },
      {
        "type": "Secret Keyword",
        "filename": "app/core/registry.json",
        "hashed_secret": "19417c3ed21cdbd8ca2d54750931aa518b96b36a",
        "is_verified": false,
        "line_number": 234
      },
      {
        "type": "Secret Keyword",
        "filename": "app/core/registry.json",
        "hashed_secret": "734e0f6f0acebd9b196f23d859adc619a91f4fcc",
        "is_verified": false,
        "line_number": 258
      },
      {
        "type": "Secret Keyword",
        "filename": "app/core/registry.json",
        "hashed_secret": "e8c777223456eb5238c4bf22ec2d67bf361bcd1d",
        "is_verified": false,
        "line_number": 271
      },
      {
        "type": "Secret Keyword",
        "filename": "app/core/registry.json",
        "hashed_secret": "ffb886c0f7c71976ddaa6c4ce4715e474d52687d",
        "is_verified": false,
        "line_number": 284
      }
    ],
    "app/services/credential_provider.py": [
      {
        "type": "Secret Keyword",
        "filename": "app/services/credential_provider.py",
        "hashed_secret": "dfba7aade0868074c2861c98e2a9a92f3178a51b",
        "is_verified": false,
        "line_number": 70
      }
    ],
    "app/services/token_refresher.py": [
      {
        "type": "Base64 High Entropy String",
        "filename": "app/services/token_refresher.py",
        "hashed_secret": "5a03b044addfdb0c92c82bc0584beed71c993dda",
        "is_verified": false,
        "line_number": 30
      },
      {
        "type": "Secret Keyword",
        "filename": "app/services/token_refresher.py",
        "hashed_secret": "5a03b044addfdb0c92c82bc0584beed71c993dda",
        "is_verified": false,
        "line_number": 30
      }
    ],
    "docs/collectors/kimi_api.md": [
      {
        "type": "Secret Keyword",
        "filename": "docs/collectors/kimi_api.md",
        "hashed_secret": "bad20ce8953a58e8c0e634c770cbd5ab0644b617",
        "is_verified": false,
        "line_number": 69
      }
    ],
    "docs/collectors/minimax.md": [
      {
        "type": "Secret Keyword",
        "filename": "docs/collectors/minimax.md",
        "hashed_secret": "18b0894f9684d10afeba5628f1e4a14fb11d1844",
        "is_verified": false,
        "line_number": 82
      }
    ],
    "docs/collectors/openrouter.md": [
      {
        "type": "Secret Keyword",
        "filename": "docs/collectors/openrouter.md",
        "hashed_secret": "96c682c88ed551f22fe76d206c2dfb7df9221ad9",
        "is_verified": false,
        "line_number": 122
      }
    ],
    "docs/collectors/zai_api.md": [
      {
        "type": "Secret Keyword",
        "filename": "docs/collectors/zai_api.md",
        "hashed_secret": "ec3810e10fb78db55ce38b9c18d1c3eb1db739e0",
        "is_verified": false,
        "line_number": 77
      }
    ],
    "docs/sidecar.md": [
      {
        "type": "Secret Keyword",
        "filename": "docs/sidecar.md",
        "hashed_secret": "33f220dd67f717cc949db63e21c90e130a6137da",
        "is_verified": false,
        "line_number": 161
      }
    ],
    "scripts/sidecar.py": [
      {
        "type": "Secret Keyword",
        "filename": "scripts/sidecar.py",
        "hashed_secret": "665b1e3851eefefa3fb878654292f16597d25155",
        "is_verified": false,
        "line_number": 341
      },
      {
        "type": "Secret Keyword",
        "filename": "scripts/sidecar.py",
        "hashed_secret": "33f220dd67f717cc949db63e21c90e130a6137da",
        "is_verified": false,
        "line_number": 564
      }
    ],
    "sidecar_app/__main__.py": [
      {
        "type": "Secret Keyword",
        "filename": "sidecar_app/__main__.py",
        "hashed_secret": "b7cc0748b4282ace5f9aeec50119802557985cc5",
        "is_verified": false,
        "line_number": 187
      }
    ],
    "sidecar_app/config.py": [
      {
        "type": "Secret Keyword",
        "filename": "sidecar_app/config.py",
        "hashed_secret": "b7cc0748b4282ace5f9aeec50119802557985cc5",
        "is_verified": false,
        "line_number": 32
      }
    ],
    "tests/integration/test_endpoints.py": [
      {
        "type": "Secret Keyword",
        "filename": "tests/integration/test_endpoints.py",
        "hashed_secret": "2de08348597a23cd1ee375c6e6eb79ac5a7b453d",
        "is_verified": false,
        "line_number": 182
      },
      {
        "type": "Secret Keyword",
        "filename": "tests/integration/test_endpoints.py",
        "hashed_secret": "3acfb2c2b433c0ea7ff107e33df91b18e52f960f",
        "is_verified": false,
        "line_number": 248
      }
    ],
    "tests/integration/test_sidecar_orchestration.py": [
      {
        "type": "Secret Keyword",
        "filename": "tests/integration/test_sidecar_orchestration.py",
        "hashed_secret": "3acfb2c2b433c0ea7ff107e33df91b18e52f960f",
        "is_verified": false,
        "line_number": 53
      }
    ],
    "tests/unit/test_collectors.py": [
      {
        "type": "Secret Keyword",
        "filename": "tests/unit/test_collectors.py",
        "hashed_secret": "e6736f583457914a72c9adb28fd75f444a92deb9",
        "is_verified": false,
        "line_number": 1521
      },
      {
        "type": "Secret Keyword",
        "filename": "tests/unit/test_collectors.py",
        "hashed_secret": "6dab5b1ebf7360b56a290e0c11d0d0bfb154fc1d",
        "is_verified": false,
        "line_number": 2742
      },
      {
        "type": "Secret Keyword",
        "filename": "tests/unit/test_collectors.py",
        "hashed_secret": "a0e48e9cc39b3eb817151f85ee7736efeaf8d041",
        "is_verified": false,
        "line_number": 2827
      },
      {
        "type": "Secret Keyword",
        "filename": "tests/unit/test_collectors.py",
        "hashed_secret": "1f161b2ae9bf910fb4bdf8d2403f65907192c868",
        "is_verified": false,
        "line_number": 2872
      },
      {
        "type": "Secret Keyword",
        "filename": "tests/unit/test_collectors.py",
        "hashed_secret": "a0f4ea7d91495df92bbac2e2149dfb850fe81396",
        "is_verified": false,
        "line_number": 2886
      },
      {
        "type": "Secret Keyword",
        "filename": "tests/unit/test_collectors.py",
        "hashed_secret": "1ed7f0bed128ff4d92b45b2df52af8dadfd66822",
        "is_verified": false,
        "line_number": 2909
      },
      {
        "type": "Secret Keyword",
        "filename": "tests/unit/test_collectors.py",
        "hashed_secret": "a0c2c4d94427ea5b1d793f77ae45d13e898d97d7",
        "is_verified": false,
        "line_number": 2935
      },
      {
        "type": "Secret Keyword",
        "filename": "tests/unit/test_collectors.py",
        "hashed_secret": "894b191f7e3cef9f6b1b7802d6bd53cf95f13340",
        "is_verified": false,
        "line_number": 3126
      },
      {
        "type": "Secret Keyword",
        "filename": "tests/unit/test_collectors.py",
        "hashed_secret": "cba37625e51448f7b556059cd4ad5486a2d4dd3f",
        "is_verified": false,
        "line_number": 3360
      },
      {
        "type": "Secret Keyword",
        "filename": "tests/unit/test_collectors.py",
        "hashed_secret": "00942f4668670f34c5943cf52c7ef3139fe2b8d6",
        "is_verified": false,
        "line_number": 3449
      }
    ],
    "tests/unit/test_resilience.py": [
      {
        "type": "Secret Keyword",
        "filename": "tests/unit/test_resilience.py",
        "hashed_secret": "fe1bae27cb7c1fb823f496f286e78f1d2ae87734",
        "is_verified": false,
        "line_number": 186
      }
    ],
    "tests/unit/test_security_bypass.py": [
      {
        "type": "Secret Keyword",
        "filename": "tests/unit/test_security_bypass.py",
        "hashed_secret": "3acfb2c2b433c0ea7ff107e33df91b18e52f960f",
        "is_verified": false,
        "line_number": 13
      }
    ],
    "tests/unit/test_sidecar.py": [
      {
        "type": "Secret Keyword",
        "filename": "tests/unit/test_sidecar.py",
        "hashed_secret": "3acfb2c2b433c0ea7ff107e33df91b18e52f960f",
        "is_verified": false,
        "line_number": 139
      }
    ],
    "tests/unit/test_token_cache.py": [
      {
        "type": "Secret Keyword",
        "filename": "tests/unit/test_token_cache.py",
        "hashed_secret": "d97c908ed44c25fdca302612c70584c8d5acd47a",
        "is_verified": false,
        "line_number": 43
      },
      {
        "type": "Secret Keyword",
        "filename": "tests/unit/test_token_cache.py",
        "hashed_secret": "a50f71f97620945ab2250778b0379c459e9c63a5",
        "is_verified": false,
        "line_number": 45
      },
      {
        "type": "Secret Keyword",
        "filename": "tests/unit/test_token_cache.py",
        "hashed_secret": "ceaf238b7855ec0815f3503c03d75001312c90b6",
        "is_verified": false,
        "line_number": 171
      }
    ],
    "tests/unit/test_token_health.py": [
      {
        "type": "Secret Keyword",
        "filename": "tests/unit/test_token_health.py",
        "hashed_secret": "3ad4f453e179239b399264b178cc6732f70a712c",
        "is_verified": false,
        "line_number": 154
      },
      {
        "type": "Secret Keyword",
        "filename": "tests/unit/test_token_health.py",
        "hashed_secret": "d9d6789f4f5f03a749e3c3ef762d86f22c851326",
        "is_verified": false,
        "line_number": 248
      }
    ],
    "tests/unit/test_token_refresher.py": [
      {
        "type": "Secret Keyword",
        "filename": "tests/unit/test_token_refresher.py",
        "hashed_secret": "00dd4142f234e094cd1f99b22cf09dafd94a8b1a",
        "is_verified": false,
        "line_number": 141
      },
      {
        "type": "Secret Keyword",
        "filename": "tests/unit/test_token_refresher.py",
        "hashed_secret": "84ecdc97fb699b30d12525ab5bada59d003877eb",
        "is_verified": false,
        "line_number": 179
      }
    ],
    "tests/unit/test_utils.py": [
      {
        "type": "Secret Keyword",
        "filename": "tests/unit/test_utils.py",
        "hashed_secret": "ceaf238b7855ec0815f3503c03d75001312c90b6",
        "is_verified": false,
        "line_number": 129
      }
    ]
  },
  "generated_at": "2026-06-18T12:09:25Z"
}
